ARM GAS  C:\Users\obukh\AppData\Local\Temp\cc3Px4zb.s 			page 1


   1              		.cpu cortex-m4
   2              		.arch armv7e-m
   3              		.fpu fpv4-sp-d16
   4              		.eabi_attribute 27, 1
   5              		.eabi_attribute 28, 1
   6              		.eabi_attribute 20, 1
   7              		.eabi_attribute 21, 1
   8              		.eabi_attribute 23, 3
   9              		.eabi_attribute 24, 1
  10              		.eabi_attribute 25, 1
  11              		.eabi_attribute 26, 1
  12              		.eabi_attribute 30, 1
  13              		.eabi_attribute 34, 1
  14              		.eabi_attribute 18, 4
  15              		.file	"init.c"
  16              		.text
  17              	.Ltext0:
  18              		.cfi_sections	.debug_frame
  19              		.file 1 "Core/Scr/init.c"
  20              		.section	.text.Register_Init,"ax",%progbits
  21              		.align	1
  22              		.global	Register_Init
  23              		.syntax unified
  24              		.thumb
  25              		.thumb_func
  27              	Register_Init:
  28              	.LFB130:
   1:Core/Scr/init.c **** #include "../Inc/init.h"
   2:Core/Scr/init.c **** uint8_t led1_port = 0;
   3:Core/Scr/init.c **** uint8_t led2_port = 0;
   4:Core/Scr/init.c **** uint8_t led3_port = 0;
   5:Core/Scr/init.c **** void Register_Init(void)
   6:Core/Scr/init.c **** {
  29              		.loc 1 6 1 view -0
  30              		.cfi_startproc
  31              		@ args = 0, pretend = 0, frame = 0
  32              		@ frame_needed = 0, uses_anonymous_args = 0
  33              		@ link register save eliminated.
   7:Core/Scr/init.c ****     SET_BIT(RCC->AHB1ENR, RCC_AHB1ENR_GPIOBEN | RCC_AHB1ENR_GPIOCEN | RCC_AHB1ENR_GPIODEN | RCC_AHB
  34              		.loc 1 7 5 view .LVU1
  35 0000 024A     		ldr	r2, .L2
  36 0002 136B     		ldr	r3, [r2, #48]
  37 0004 43F01E03 		orr	r3, r3, #30
  38 0008 1363     		str	r3, [r2, #48]
   8:Core/Scr/init.c **** }
  39              		.loc 1 8 1 is_stmt 0 view .LVU2
  40 000a 7047     		bx	lr
  41              	.L3:
  42              		.align	2
  43              	.L2:
  44 000c 00380240 		.word	1073887232
  45              		.cfi_endproc
  46              	.LFE130:
  48              		.section	.text.Led_Init,"ax",%progbits
  49              		.align	1
  50              		.global	Led_Init
  51              		.syntax unified
ARM GAS  C:\Users\obukh\AppData\Local\Temp\cc3Px4zb.s 			page 2


  52              		.thumb
  53              		.thumb_func
  55              	Led_Init:
  56              	.LFB131:
   9:Core/Scr/init.c **** void Led_Init(void)
  10:Core/Scr/init.c **** {
  57              		.loc 1 10 1 is_stmt 1 view -0
  58              		.cfi_startproc
  59              		@ args = 0, pretend = 0, frame = 0
  60              		@ frame_needed = 0, uses_anonymous_args = 0
  61              		@ link register save eliminated.
  11:Core/Scr/init.c ****     // First Led (green)
  12:Core/Scr/init.c ****     GPIO_B_MODER |= GPIO_B_MODE_PB0_OUT;
  62              		.loc 1 12 5 view .LVU4
  63 0000 134B     		ldr	r3, .L5
  64 0002 D3F80014 		ldr	r1, [r3, #1024]
  65              		.loc 1 12 18 is_stmt 0 view .LVU5
  66 0006 41F00101 		orr	r1, r1, #1
  67 000a C3F80014 		str	r1, [r3, #1024]
  13:Core/Scr/init.c ****     GPIO_B_OTYPER |= GPIO_B_OTYPE_PB0_PP;
  68              		.loc 1 13 5 is_stmt 1 view .LVU6
  14:Core/Scr/init.c ****     GPIO_B_OSPEEDR |= GPIO_B_OSPEED_PB0_MID;
  69              		.loc 1 14 5 view .LVU7
  70 000e D3F80824 		ldr	r2, [r3, #1032]
  71              		.loc 1 14 20 is_stmt 0 view .LVU8
  72 0012 42F00102 		orr	r2, r2, #1
  73 0016 C3F80824 		str	r2, [r3, #1032]
  15:Core/Scr/init.c ****     GPIO_B_PUPDR |= GPIO_B_PUPDR_PB0_NOPUPD;
  74              		.loc 1 15 5 is_stmt 1 view .LVU9
  16:Core/Scr/init.c ****     // Second Led (blue)
  17:Core/Scr/init.c ****     *(uint32_t*)(0x40020400UL + 0x00UL) |= 0x4000;
  75              		.loc 1 17 5 view .LVU10
  76              		.loc 1 17 41 is_stmt 0 view .LVU11
  77 001a 41F48041 		orr	r1, r1, #16384
  78 001e C3F80014 		str	r1, [r3, #1024]
  18:Core/Scr/init.c ****     *(uint32_t*)(0x40020400UL + 0x04UL) |= 0x00;
  79              		.loc 1 18 5 is_stmt 1 view .LVU12
  19:Core/Scr/init.c ****     *(uint32_t*)(0x40020400UL + 0x08UL) |= 0x4000;
  80              		.loc 1 19 5 view .LVU13
  81              		.loc 1 19 41 is_stmt 0 view .LVU14
  82 0022 42F48042 		orr	r2, r2, #16384
  83 0026 C3F80824 		str	r2, [r3, #1032]
  20:Core/Scr/init.c ****     *(uint32_t*)(0x40020400UL + 0x0CUL) |= 0x00;
  84              		.loc 1 20 5 is_stmt 1 view .LVU15
  21:Core/Scr/init.c ****     // Third Led (red)
  22:Core/Scr/init.c ****     SET_BIT(GPIOB->MODER, GPIO_MODER_MODE14_0);
  85              		.loc 1 22 5 view .LVU16
  86 002a 03F58063 		add	r3, r3, #1024
  87 002e 1A68     		ldr	r2, [r3]
  88 0030 42F08052 		orr	r2, r2, #268435456
  89 0034 1A60     		str	r2, [r3]
  23:Core/Scr/init.c ****     CLEAR_BIT(GPIOB->OTYPER, GPIO_OTYPER_OT_14);
  90              		.loc 1 23 5 view .LVU17
  91 0036 5A68     		ldr	r2, [r3, #4]
  92 0038 22F48042 		bic	r2, r2, #16384
  93 003c 5A60     		str	r2, [r3, #4]
  24:Core/Scr/init.c ****     SET_BIT(GPIOB->OSPEEDR, GPIO_OSPEEDR_OSPEED14_0);
ARM GAS  C:\Users\obukh\AppData\Local\Temp\cc3Px4zb.s 			page 3


  94              		.loc 1 24 5 view .LVU18
  95 003e 9A68     		ldr	r2, [r3, #8]
  96 0040 42F08052 		orr	r2, r2, #268435456
  97 0044 9A60     		str	r2, [r3, #8]
  25:Core/Scr/init.c ****     CLEAR_BIT(GPIOB->PUPDR, GPIO_PUPDR_PUPDR14_0);
  98              		.loc 1 25 5 view .LVU19
  99 0046 DA68     		ldr	r2, [r3, #12]
 100 0048 22F08052 		bic	r2, r2, #268435456
 101 004c DA60     		str	r2, [r3, #12]
  26:Core/Scr/init.c **** }
 102              		.loc 1 26 1 is_stmt 0 view .LVU20
 103 004e 7047     		bx	lr
 104              	.L6:
 105              		.align	2
 106              	.L5:
 107 0050 00000240 		.word	1073872896
 108              		.cfi_endproc
 109              	.LFE131:
 111              		.section	.text.All_Ports_Input,"ax",%progbits
 112              		.align	1
 113              		.global	All_Ports_Input
 114              		.syntax unified
 115              		.thumb
 116              		.thumb_func
 118              	All_Ports_Input:
 119              	.LFB132:
  27:Core/Scr/init.c **** void All_Ports_Input(void)
  28:Core/Scr/init.c **** {
 120              		.loc 1 28 1 is_stmt 1 view -0
 121              		.cfi_startproc
 122              		@ args = 0, pretend = 0, frame = 0
 123              		@ frame_needed = 0, uses_anonymous_args = 0
 124              		@ link register save eliminated.
  29:Core/Scr/init.c ****     // First Port
  30:Core/Scr/init.c ****     GPIO_E_MODER &= CL_DEL_E;
 125              		.loc 1 30 5 view .LVU22
 126              		.loc 1 30 18 is_stmt 0 view .LVU23
 127 0000 154A     		ldr	r2, .L8
 128 0002 0023     		movs	r3, #0
 129 0004 1360     		str	r3, [r2]
  31:Core/Scr/init.c ****     GPIO_E_OSPEEDR &= CL_DEL_E;
 130              		.loc 1 31 5 is_stmt 1 view .LVU24
 131              		.loc 1 31 20 is_stmt 0 view .LVU25
 132 0006 9360     		str	r3, [r2, #8]
  32:Core/Scr/init.c ****     Res_BIT(GPIO_B_BSRR, GPIO_B_BSRR_PB0_SET);
 133              		.loc 1 32 5 is_stmt 1 view .LVU26
 134 0008 A2F58052 		sub	r2, r2, #4096
 135 000c D2F81814 		ldr	r1, [r2, #1048]
 136 0010 01F00101 		and	r1, r1, #1
 137 0014 C2F81814 		str	r1, [r2, #1048]
  33:Core/Scr/init.c ****     led1_port = 0;
 138              		.loc 1 33 5 view .LVU27
 139              		.loc 1 33 15 is_stmt 0 view .LVU28
 140 0018 1049     		ldr	r1, .L8+4
 141 001a 0B70     		strb	r3, [r1]
  34:Core/Scr/init.c ****     // Second Port
  35:Core/Scr/init.c ****     *(uint32_t*)(0x40020C00UL + 0x00UL) &= 0x00;
ARM GAS  C:\Users\obukh\AppData\Local\Temp\cc3Px4zb.s 			page 4


 142              		.loc 1 35 5 is_stmt 1 view .LVU29
 143              		.loc 1 35 41 is_stmt 0 view .LVU30
 144 001c C2F8003C 		str	r3, [r2, #3072]
  36:Core/Scr/init.c ****     *(uint32_t*)(0x40020C00UL + 0x08UL) &= 0x00;
 145              		.loc 1 36 5 is_stmt 1 view .LVU31
 146              		.loc 1 36 41 is_stmt 0 view .LVU32
 147 0020 C2F8083C 		str	r3, [r2, #3080]
  37:Core/Scr/init.c ****     *(uint32_t*)(0x40020400UL + 0x18UL) |= 0x800000;
 148              		.loc 1 37 5 is_stmt 1 view .LVU33
 149 0024 D2F81814 		ldr	r1, [r2, #1048]
 150              		.loc 1 37 41 is_stmt 0 view .LVU34
 151 0028 41F40001 		orr	r1, r1, #8388608
 152 002c C2F81814 		str	r1, [r2, #1048]
  38:Core/Scr/init.c ****     led2_port = 0;
 153              		.loc 1 38 5 is_stmt 1 view .LVU35
 154              		.loc 1 38 15 is_stmt 0 view .LVU36
 155 0030 0B4A     		ldr	r2, .L8+8
 156 0032 1370     		strb	r3, [r2]
  39:Core/Scr/init.c ****     // Third Port
  40:Core/Scr/init.c ****     CLEAR_BIT(GPIOC->MODER, GPIO_MODER_MODE8_0);
 157              		.loc 1 40 5 is_stmt 1 view .LVU37
 158 0034 0B4A     		ldr	r2, .L8+12
 159 0036 1168     		ldr	r1, [r2]
 160 0038 21F48031 		bic	r1, r1, #65536
 161 003c 1160     		str	r1, [r2]
  41:Core/Scr/init.c ****     CLEAR_BIT(GPIOC->OSPEEDR, GPIO_OSPEEDR_OSPEED8_0);
 162              		.loc 1 41 5 view .LVU38
 163 003e 9168     		ldr	r1, [r2, #8]
 164 0040 21F48031 		bic	r1, r1, #65536
 165 0044 9160     		str	r1, [r2, #8]
  42:Core/Scr/init.c ****     SET_BIT(GPIOB->BSRR, GPIO_BSRR_BR14);
 166              		.loc 1 42 5 view .LVU39
 167 0046 0849     		ldr	r1, .L8+16
 168 0048 8A69     		ldr	r2, [r1, #24]
 169 004a 42F08042 		orr	r2, r2, #1073741824
 170 004e 8A61     		str	r2, [r1, #24]
  43:Core/Scr/init.c ****     led3_port = 0;
 171              		.loc 1 43 5 view .LVU40
 172              		.loc 1 43 15 is_stmt 0 view .LVU41
 173 0050 064A     		ldr	r2, .L8+20
 174 0052 1370     		strb	r3, [r2]
  44:Core/Scr/init.c **** }
 175              		.loc 1 44 1 view .LVU42
 176 0054 7047     		bx	lr
 177              	.L9:
 178 0056 00BF     		.align	2
 179              	.L8:
 180 0058 00100240 		.word	1073876992
 181 005c 00000000 		.word	led1_port
 182 0060 00000000 		.word	led2_port
 183 0064 00080240 		.word	1073874944
 184 0068 00040240 		.word	1073873920
 185 006c 00000000 		.word	led3_port
 186              		.cfi_endproc
 187              	.LFE132:
 189              		.section	.text.All_Ports_Output,"ax",%progbits
 190              		.align	1
ARM GAS  C:\Users\obukh\AppData\Local\Temp\cc3Px4zb.s 			page 5


 191              		.global	All_Ports_Output
 192              		.syntax unified
 193              		.thumb
 194              		.thumb_func
 196              	All_Ports_Output:
 197              	.LFB133:
  45:Core/Scr/init.c **** void All_Ports_Output(void)
  46:Core/Scr/init.c **** {
 198              		.loc 1 46 1 is_stmt 1 view -0
 199              		.cfi_startproc
 200              		@ args = 0, pretend = 0, frame = 0
 201              		@ frame_needed = 0, uses_anonymous_args = 0
 202              		@ link register save eliminated.
  47:Core/Scr/init.c ****     // First Port
  48:Core/Scr/init.c ****     GPIO_E_MODER |= GPIO_E_MODE_PE0_OUT;
 203              		.loc 1 48 5 view .LVU44
 204 0000 1E4B     		ldr	r3, .L11
 205 0002 1A68     		ldr	r2, [r3]
 206              		.loc 1 48 18 is_stmt 0 view .LVU45
 207 0004 42F00102 		orr	r2, r2, #1
 208 0008 1A60     		str	r2, [r3]
  49:Core/Scr/init.c ****     GPIO_E_OTYPER |= GPIO_E_OTYPE_PE0_PP;
 209              		.loc 1 49 5 is_stmt 1 view .LVU46
  50:Core/Scr/init.c ****     GPIO_E_OSPEEDR |= GPIO_E_OSPEED_PE0_MID;
 210              		.loc 1 50 5 view .LVU47
 211 000a 9A68     		ldr	r2, [r3, #8]
 212              		.loc 1 50 20 is_stmt 0 view .LVU48
 213 000c 42F00102 		orr	r2, r2, #1
 214 0010 9A60     		str	r2, [r3, #8]
  51:Core/Scr/init.c ****     GPIO_E_PUPDR |= GPIO_E_PUPDR_PE0_NOPUPD;
 215              		.loc 1 51 5 is_stmt 1 view .LVU49
  52:Core/Scr/init.c ****     S_BIT(GPIO_E_BSRR, GPIO_E_BSRR_PE0_SET);
 216              		.loc 1 52 5 view .LVU50
 217 0012 9A69     		ldr	r2, [r3, #24]
 218 0014 42F00102 		orr	r2, r2, #1
 219 0018 9A61     		str	r2, [r3, #24]
  53:Core/Scr/init.c ****     led1_port = 1;
 220              		.loc 1 53 5 view .LVU51
 221              		.loc 1 53 15 is_stmt 0 view .LVU52
 222 001a 0122     		movs	r2, #1
 223 001c 184B     		ldr	r3, .L11+4
 224 001e 1A70     		strb	r2, [r3]
  54:Core/Scr/init.c ****     // Second Port
  55:Core/Scr/init.c ****     *(uint32_t*)(0x40020C00UL + 0x00UL) |= 0x4000;
 225              		.loc 1 55 5 is_stmt 1 view .LVU53
 226 0020 184B     		ldr	r3, .L11+8
 227 0022 D3F8001C 		ldr	r1, [r3, #3072]
 228              		.loc 1 55 41 is_stmt 0 view .LVU54
 229 0026 41F48041 		orr	r1, r1, #16384
 230 002a C3F8001C 		str	r1, [r3, #3072]
  56:Core/Scr/init.c ****     *(uint32_t*)(0x40020C00UL + 0x04UL) |= 0x00;
 231              		.loc 1 56 5 is_stmt 1 view .LVU55
  57:Core/Scr/init.c ****     *(uint32_t*)(0x40020C00UL + 0x08UL) |= 0x4000;
 232              		.loc 1 57 5 view .LVU56
 233 002e D3F8081C 		ldr	r1, [r3, #3080]
 234              		.loc 1 57 41 is_stmt 0 view .LVU57
 235 0032 41F48041 		orr	r1, r1, #16384
ARM GAS  C:\Users\obukh\AppData\Local\Temp\cc3Px4zb.s 			page 6


 236 0036 C3F8081C 		str	r1, [r3, #3080]
  58:Core/Scr/init.c ****     *(uint32_t*)(0x40020C00UL + 0x0CUL) |= 0x00;
 237              		.loc 1 58 5 is_stmt 1 view .LVU58
  59:Core/Scr/init.c ****     *(uint32_t*)(0x40020C00UL + 0x18UL) |= 0x80;
 238              		.loc 1 59 5 view .LVU59
 239 003a D3F8181C 		ldr	r1, [r3, #3096]
 240              		.loc 1 59 41 is_stmt 0 view .LVU60
 241 003e 41F08001 		orr	r1, r1, #128
 242 0042 C3F8181C 		str	r1, [r3, #3096]
  60:Core/Scr/init.c ****     led2_port = 1;
 243              		.loc 1 60 5 is_stmt 1 view .LVU61
 244              		.loc 1 60 15 is_stmt 0 view .LVU62
 245 0046 104B     		ldr	r3, .L11+12
 246 0048 1A70     		strb	r2, [r3]
  61:Core/Scr/init.c ****     // Third Port
  62:Core/Scr/init.c ****     SET_BIT(GPIOC->MODER, GPIO_MODER_MODE8_0);
 247              		.loc 1 62 5 is_stmt 1 view .LVU63
 248 004a 104B     		ldr	r3, .L11+16
 249 004c 1968     		ldr	r1, [r3]
 250 004e 41F48031 		orr	r1, r1, #65536
 251 0052 1960     		str	r1, [r3]
  63:Core/Scr/init.c ****     CLEAR_BIT(GPIOC->OTYPER, GPIO_OTYPER_OT_8);
 252              		.loc 1 63 5 view .LVU64
 253 0054 5968     		ldr	r1, [r3, #4]
 254 0056 21F48071 		bic	r1, r1, #256
 255 005a 5960     		str	r1, [r3, #4]
  64:Core/Scr/init.c ****     SET_BIT(GPIOC->OSPEEDR, GPIO_OSPEEDR_OSPEED8_0);
 256              		.loc 1 64 5 view .LVU65
 257 005c 9968     		ldr	r1, [r3, #8]
 258 005e 41F48031 		orr	r1, r1, #65536
 259 0062 9960     		str	r1, [r3, #8]
  65:Core/Scr/init.c ****     CLEAR_BIT(GPIOC->PUPDR, GPIO_PUPDR_PUPDR8_0);
 260              		.loc 1 65 5 view .LVU66
 261 0064 D968     		ldr	r1, [r3, #12]
 262 0066 21F48031 		bic	r1, r1, #65536
 263 006a D960     		str	r1, [r3, #12]
  66:Core/Scr/init.c ****     SET_BIT(GPIOC->BSRR, GPIO_BSRR_BS8);
 264              		.loc 1 66 5 view .LVU67
 265 006c 9969     		ldr	r1, [r3, #24]
 266 006e 41F48071 		orr	r1, r1, #256
 267 0072 9961     		str	r1, [r3, #24]
  67:Core/Scr/init.c ****     led3_port = 1;
 268              		.loc 1 67 5 view .LVU68
 269              		.loc 1 67 15 is_stmt 0 view .LVU69
 270 0074 064B     		ldr	r3, .L11+20
 271 0076 1A70     		strb	r2, [r3]
  68:Core/Scr/init.c **** }
 272              		.loc 1 68 1 view .LVU70
 273 0078 7047     		bx	lr
 274              	.L12:
 275 007a 00BF     		.align	2
 276              	.L11:
 277 007c 00100240 		.word	1073876992
 278 0080 00000000 		.word	led1_port
 279 0084 00000240 		.word	1073872896
 280 0088 00000000 		.word	led2_port
 281 008c 00080240 		.word	1073874944
ARM GAS  C:\Users\obukh\AppData\Local\Temp\cc3Px4zb.s 			page 7


 282 0090 00000000 		.word	led3_port
 283              		.cfi_endproc
 284              	.LFE133:
 286              		.section	.text.First_Port_Output,"ax",%progbits
 287              		.align	1
 288              		.global	First_Port_Output
 289              		.syntax unified
 290              		.thumb
 291              		.thumb_func
 293              	First_Port_Output:
 294              	.LFB134:
  69:Core/Scr/init.c **** void First_Port_Output(void)
  70:Core/Scr/init.c **** {
 295              		.loc 1 70 1 is_stmt 1 view -0
 296              		.cfi_startproc
 297              		@ args = 0, pretend = 0, frame = 0
 298              		@ frame_needed = 0, uses_anonymous_args = 0
 299              		@ link register save eliminated.
  71:Core/Scr/init.c ****     // First Port
  72:Core/Scr/init.c ****     GPIO_E_MODER |= GPIO_E_MODE_PE0_OUT;
 300              		.loc 1 72 5 view .LVU72
 301 0000 114B     		ldr	r3, .L14
 302 0002 1A68     		ldr	r2, [r3]
 303              		.loc 1 72 18 is_stmt 0 view .LVU73
 304 0004 42F00102 		orr	r2, r2, #1
 305 0008 1A60     		str	r2, [r3]
  73:Core/Scr/init.c ****     GPIO_E_OTYPER |= GPIO_E_OTYPE_PE0_PP;
 306              		.loc 1 73 5 is_stmt 1 view .LVU74
  74:Core/Scr/init.c ****     GPIO_E_OSPEEDR |= GPIO_E_OSPEED_PE0_MID;
 307              		.loc 1 74 5 view .LVU75
 308 000a 9A68     		ldr	r2, [r3, #8]
 309              		.loc 1 74 20 is_stmt 0 view .LVU76
 310 000c 42F00102 		orr	r2, r2, #1
 311 0010 9A60     		str	r2, [r3, #8]
  75:Core/Scr/init.c ****     GPIO_E_PUPDR |= GPIO_E_PUPDR_PE0_NOPUPD;
 312              		.loc 1 75 5 is_stmt 1 view .LVU77
  76:Core/Scr/init.c ****     S_BIT(GPIO_E_BSRR, GPIO_E_BSRR_PE0_SET);
 313              		.loc 1 76 5 view .LVU78
 314 0012 9A69     		ldr	r2, [r3, #24]
 315 0014 42F00102 		orr	r2, r2, #1
 316 0018 9A61     		str	r2, [r3, #24]
  77:Core/Scr/init.c ****     led1_port = 1;
 317              		.loc 1 77 5 view .LVU79
 318              		.loc 1 77 15 is_stmt 0 view .LVU80
 319 001a 0C4B     		ldr	r3, .L14+4
 320 001c 0122     		movs	r2, #1
 321 001e 1A70     		strb	r2, [r3]
  78:Core/Scr/init.c ****     // Second Port
  79:Core/Scr/init.c ****     *(uint32_t*)(0x40020C00UL + 0x00UL) &= 0x00;
 322              		.loc 1 79 5 is_stmt 1 view .LVU81
 323              		.loc 1 79 41 is_stmt 0 view .LVU82
 324 0020 0B4A     		ldr	r2, .L14+8
 325 0022 0023     		movs	r3, #0
 326 0024 C2F8003C 		str	r3, [r2, #3072]
  80:Core/Scr/init.c ****     *(uint32_t*)(0x40020C00UL + 0x08UL) &= 0x00;
 327              		.loc 1 80 5 is_stmt 1 view .LVU83
 328              		.loc 1 80 41 is_stmt 0 view .LVU84
ARM GAS  C:\Users\obukh\AppData\Local\Temp\cc3Px4zb.s 			page 8


 329 0028 C2F8083C 		str	r3, [r2, #3080]
  81:Core/Scr/init.c ****     led2_port = 0;
 330              		.loc 1 81 5 is_stmt 1 view .LVU85
 331              		.loc 1 81 15 is_stmt 0 view .LVU86
 332 002c 094A     		ldr	r2, .L14+12
 333 002e 1370     		strb	r3, [r2]
  82:Core/Scr/init.c ****     // Third Port
  83:Core/Scr/init.c ****     CLEAR_BIT(GPIOC->MODER, GPIO_MODER_MODE8_0);
 334              		.loc 1 83 5 is_stmt 1 view .LVU87
 335 0030 094A     		ldr	r2, .L14+16
 336 0032 1168     		ldr	r1, [r2]
 337 0034 21F48031 		bic	r1, r1, #65536
 338 0038 1160     		str	r1, [r2]
  84:Core/Scr/init.c ****     CLEAR_BIT(GPIOC->OSPEEDR, GPIO_OSPEEDR_OSPEED8_0);
 339              		.loc 1 84 5 view .LVU88
 340 003a 9168     		ldr	r1, [r2, #8]
 341 003c 21F48031 		bic	r1, r1, #65536
 342 0040 9160     		str	r1, [r2, #8]
  85:Core/Scr/init.c ****     led3_port = 0;
 343              		.loc 1 85 5 view .LVU89
 344              		.loc 1 85 15 is_stmt 0 view .LVU90
 345 0042 064A     		ldr	r2, .L14+20
 346 0044 1370     		strb	r3, [r2]
  86:Core/Scr/init.c **** }
 347              		.loc 1 86 1 view .LVU91
 348 0046 7047     		bx	lr
 349              	.L15:
 350              		.align	2
 351              	.L14:
 352 0048 00100240 		.word	1073876992
 353 004c 00000000 		.word	led1_port
 354 0050 00000240 		.word	1073872896
 355 0054 00000000 		.word	led2_port
 356 0058 00080240 		.word	1073874944
 357 005c 00000000 		.word	led3_port
 358              		.cfi_endproc
 359              	.LFE134:
 361              		.section	.text.Second_Port_Output,"ax",%progbits
 362              		.align	1
 363              		.global	Second_Port_Output
 364              		.syntax unified
 365              		.thumb
 366              		.thumb_func
 368              	Second_Port_Output:
 369              	.LFB135:
  87:Core/Scr/init.c **** void Second_Port_Output(void)
  88:Core/Scr/init.c **** {
 370              		.loc 1 88 1 is_stmt 1 view -0
 371              		.cfi_startproc
 372              		@ args = 0, pretend = 0, frame = 0
 373              		@ frame_needed = 0, uses_anonymous_args = 0
 374              		@ link register save eliminated.
  89:Core/Scr/init.c ****     // First Port
  90:Core/Scr/init.c ****     GPIO_E_MODER &= CL_DEL_E;
 375              		.loc 1 90 5 view .LVU93
 376              		.loc 1 90 18 is_stmt 0 view .LVU94
 377 0000 134B     		ldr	r3, .L17
ARM GAS  C:\Users\obukh\AppData\Local\Temp\cc3Px4zb.s 			page 9


 378 0002 0022     		movs	r2, #0
 379 0004 1A60     		str	r2, [r3]
  91:Core/Scr/init.c ****     GPIO_E_OSPEEDR &= CL_DEL_E;
 380              		.loc 1 91 5 is_stmt 1 view .LVU95
 381              		.loc 1 91 20 is_stmt 0 view .LVU96
 382 0006 9A60     		str	r2, [r3, #8]
  92:Core/Scr/init.c ****     led1_port = 0;
 383              		.loc 1 92 5 is_stmt 1 view .LVU97
 384              		.loc 1 92 15 is_stmt 0 view .LVU98
 385 0008 124B     		ldr	r3, .L17+4
 386 000a 1A70     		strb	r2, [r3]
  93:Core/Scr/init.c ****     // Second Port
  94:Core/Scr/init.c ****     *(uint32_t*)(0x40020C00UL + 0x00UL) |= 0x4000;
 387              		.loc 1 94 5 is_stmt 1 view .LVU99
 388 000c 124B     		ldr	r3, .L17+8
 389 000e D3F8001C 		ldr	r1, [r3, #3072]
 390              		.loc 1 94 41 is_stmt 0 view .LVU100
 391 0012 41F48041 		orr	r1, r1, #16384
 392 0016 C3F8001C 		str	r1, [r3, #3072]
  95:Core/Scr/init.c ****     *(uint32_t*)(0x40020C00UL + 0x04UL) |= 0x00;
 393              		.loc 1 95 5 is_stmt 1 view .LVU101
  96:Core/Scr/init.c ****     *(uint32_t*)(0x40020C00UL + 0x08UL) |= 0x4000;
 394              		.loc 1 96 5 view .LVU102
 395 001a D3F8081C 		ldr	r1, [r3, #3080]
 396              		.loc 1 96 41 is_stmt 0 view .LVU103
 397 001e 41F48041 		orr	r1, r1, #16384
 398 0022 C3F8081C 		str	r1, [r3, #3080]
  97:Core/Scr/init.c ****     *(uint32_t*)(0x40020C00UL + 0x0CUL) |= 0x00;
 399              		.loc 1 97 5 is_stmt 1 view .LVU104
  98:Core/Scr/init.c ****     *(uint32_t*)(0x40020C00UL + 0x18UL) |= 0x80;
 400              		.loc 1 98 5 view .LVU105
 401 0026 D3F8181C 		ldr	r1, [r3, #3096]
 402              		.loc 1 98 41 is_stmt 0 view .LVU106
 403 002a 41F08001 		orr	r1, r1, #128
 404 002e C3F8181C 		str	r1, [r3, #3096]
  99:Core/Scr/init.c ****     led2_port = 1;
 405              		.loc 1 99 5 is_stmt 1 view .LVU107
 406              		.loc 1 99 15 is_stmt 0 view .LVU108
 407 0032 0A4B     		ldr	r3, .L17+12
 408 0034 0121     		movs	r1, #1
 409 0036 1970     		strb	r1, [r3]
 100:Core/Scr/init.c ****     // Third Port
 101:Core/Scr/init.c ****     CLEAR_BIT(GPIOC->MODER, GPIO_MODER_MODE8_0);
 410              		.loc 1 101 5 is_stmt 1 view .LVU109
 411 0038 094B     		ldr	r3, .L17+16
 412 003a 1968     		ldr	r1, [r3]
 413 003c 21F48031 		bic	r1, r1, #65536
 414 0040 1960     		str	r1, [r3]
 102:Core/Scr/init.c ****     CLEAR_BIT(GPIOC->OSPEEDR, GPIO_OSPEEDR_OSPEED8_0);
 415              		.loc 1 102 5 view .LVU110
 416 0042 9968     		ldr	r1, [r3, #8]
 417 0044 21F48031 		bic	r1, r1, #65536
 418 0048 9960     		str	r1, [r3, #8]
 103:Core/Scr/init.c ****     led3_port = 0;
 419              		.loc 1 103 5 view .LVU111
 420              		.loc 1 103 15 is_stmt 0 view .LVU112
 421 004a 064B     		ldr	r3, .L17+20
ARM GAS  C:\Users\obukh\AppData\Local\Temp\cc3Px4zb.s 			page 10


 422 004c 1A70     		strb	r2, [r3]
 104:Core/Scr/init.c **** }
 423              		.loc 1 104 1 view .LVU113
 424 004e 7047     		bx	lr
 425              	.L18:
 426              		.align	2
 427              	.L17:
 428 0050 00100240 		.word	1073876992
 429 0054 00000000 		.word	led1_port
 430 0058 00000240 		.word	1073872896
 431 005c 00000000 		.word	led2_port
 432 0060 00080240 		.word	1073874944
 433 0064 00000000 		.word	led3_port
 434              		.cfi_endproc
 435              	.LFE135:
 437              		.section	.text.Third_Port_Output,"ax",%progbits
 438              		.align	1
 439              		.global	Third_Port_Output
 440              		.syntax unified
 441              		.thumb
 442              		.thumb_func
 444              	Third_Port_Output:
 445              	.LFB136:
 105:Core/Scr/init.c **** void Third_Port_Output(void)
 106:Core/Scr/init.c **** {
 446              		.loc 1 106 1 is_stmt 1 view -0
 447              		.cfi_startproc
 448              		@ args = 0, pretend = 0, frame = 0
 449              		@ frame_needed = 0, uses_anonymous_args = 0
 450              		@ link register save eliminated.
 107:Core/Scr/init.c ****     // First Port
 108:Core/Scr/init.c ****     GPIO_E_MODER &= CL_DEL_E;
 451              		.loc 1 108 5 view .LVU115
 452              		.loc 1 108 18 is_stmt 0 view .LVU116
 453 0000 144A     		ldr	r2, .L20
 454 0002 0023     		movs	r3, #0
 455 0004 1360     		str	r3, [r2]
 109:Core/Scr/init.c ****     GPIO_E_OSPEEDR &= CL_DEL_E;
 456              		.loc 1 109 5 is_stmt 1 view .LVU117
 457              		.loc 1 109 20 is_stmt 0 view .LVU118
 458 0006 9360     		str	r3, [r2, #8]
 110:Core/Scr/init.c ****     led1_port = 0;
 459              		.loc 1 110 5 is_stmt 1 view .LVU119
 460              		.loc 1 110 15 is_stmt 0 view .LVU120
 461 0008 134A     		ldr	r2, .L20+4
 462 000a 1370     		strb	r3, [r2]
 111:Core/Scr/init.c ****     // Second Port
 112:Core/Scr/init.c ****     *(uint32_t*)(0x40020C00UL + 0x00UL) &= 0x00;
 463              		.loc 1 112 5 is_stmt 1 view .LVU121
 464              		.loc 1 112 41 is_stmt 0 view .LVU122
 465 000c 134A     		ldr	r2, .L20+8
 466 000e C2F8003C 		str	r3, [r2, #3072]
 113:Core/Scr/init.c ****     *(uint32_t*)(0x40020C00UL + 0x08UL) &= 0x00;
 467              		.loc 1 113 5 is_stmt 1 view .LVU123
 468              		.loc 1 113 41 is_stmt 0 view .LVU124
 469 0012 C2F8083C 		str	r3, [r2, #3080]
 114:Core/Scr/init.c ****     led2_port = 0;
ARM GAS  C:\Users\obukh\AppData\Local\Temp\cc3Px4zb.s 			page 11


 470              		.loc 1 114 5 is_stmt 1 view .LVU125
 471              		.loc 1 114 15 is_stmt 0 view .LVU126
 472 0016 124A     		ldr	r2, .L20+12
 473 0018 1370     		strb	r3, [r2]
 115:Core/Scr/init.c ****     // Third Port
 116:Core/Scr/init.c ****     SET_BIT(GPIOC->MODER, GPIO_MODER_MODE8_0);
 474              		.loc 1 116 5 is_stmt 1 view .LVU127
 475 001a 03F18043 		add	r3, r3, #1073741824
 476 001e 03F50233 		add	r3, r3, #133120
 477 0022 1A68     		ldr	r2, [r3]
 478 0024 42F48032 		orr	r2, r2, #65536
 479 0028 1A60     		str	r2, [r3]
 117:Core/Scr/init.c ****     CLEAR_BIT(GPIOC->OTYPER, GPIO_OTYPER_OT_8);
 480              		.loc 1 117 5 view .LVU128
 481 002a 5A68     		ldr	r2, [r3, #4]
 482 002c 22F48072 		bic	r2, r2, #256
 483 0030 5A60     		str	r2, [r3, #4]
 118:Core/Scr/init.c ****     SET_BIT(GPIOC->OSPEEDR, GPIO_OSPEEDR_OSPEED8_0);
 484              		.loc 1 118 5 view .LVU129
 485 0032 9A68     		ldr	r2, [r3, #8]
 486 0034 42F48032 		orr	r2, r2, #65536
 487 0038 9A60     		str	r2, [r3, #8]
 119:Core/Scr/init.c ****     CLEAR_BIT(GPIOC->PUPDR, GPIO_PUPDR_PUPDR8_0);
 488              		.loc 1 119 5 view .LVU130
 489 003a DA68     		ldr	r2, [r3, #12]
 490 003c 22F48032 		bic	r2, r2, #65536
 491 0040 DA60     		str	r2, [r3, #12]
 120:Core/Scr/init.c ****     SET_BIT(GPIOC->BSRR, GPIO_BSRR_BS8);
 492              		.loc 1 120 5 view .LVU131
 493 0042 9A69     		ldr	r2, [r3, #24]
 494 0044 42F48072 		orr	r2, r2, #256
 495 0048 9A61     		str	r2, [r3, #24]
 121:Core/Scr/init.c ****     led3_port = 1;
 496              		.loc 1 121 5 view .LVU132
 497              		.loc 1 121 15 is_stmt 0 view .LVU133
 498 004a 064B     		ldr	r3, .L20+16
 499 004c 0122     		movs	r2, #1
 500 004e 1A70     		strb	r2, [r3]
 122:Core/Scr/init.c **** }
 501              		.loc 1 122 1 view .LVU134
 502 0050 7047     		bx	lr
 503              	.L21:
 504 0052 00BF     		.align	2
 505              	.L20:
 506 0054 00100240 		.word	1073876992
 507 0058 00000000 		.word	led1_port
 508 005c 00000240 		.word	1073872896
 509 0060 00000000 		.word	led2_port
 510 0064 00000000 		.word	led3_port
 511              		.cfi_endproc
 512              	.LFE136:
 514              		.section	.text.delay,"ax",%progbits
 515              		.align	1
 516              		.global	delay
 517              		.syntax unified
 518              		.thumb
 519              		.thumb_func
ARM GAS  C:\Users\obukh\AppData\Local\Temp\cc3Px4zb.s 			page 12


 521              	delay:
 522              	.LFB137:
 123:Core/Scr/init.c **** void delay(void)
 124:Core/Scr/init.c **** {
 523              		.loc 1 124 1 is_stmt 1 view -0
 524              		.cfi_startproc
 525              		@ args = 0, pretend = 0, frame = 0
 526              		@ frame_needed = 0, uses_anonymous_args = 0
 527              		@ link register save eliminated.
 125:Core/Scr/init.c ****     int count = 0;
 528              		.loc 1 125 5 view .LVU136
 529              	.LVL0:
 126:Core/Scr/init.c ****     for (int i = 0; i <= 500000; i++)
 530              		.loc 1 126 5 view .LVU137
 531              	.LBB2:
 532              		.loc 1 126 10 view .LVU138
 533              		.loc 1 126 14 is_stmt 0 view .LVU139
 534 0000 0023     		movs	r3, #0
 535              		.loc 1 126 5 view .LVU140
 536 0002 00E0     		b	.L23
 537              	.LVL1:
 538              	.L24:
 127:Core/Scr/init.c ****     {
 128:Core/Scr/init.c ****         count++;
 539              		.loc 1 128 9 is_stmt 1 view .LVU141
 126:Core/Scr/init.c ****     for (int i = 0; i <= 500000; i++)
 540              		.loc 1 126 35 discriminator 3 view .LVU142
 541 0004 0133     		adds	r3, r3, #1
 542              	.LVL2:
 543              	.L23:
 126:Core/Scr/init.c ****     for (int i = 0; i <= 500000; i++)
 544              		.loc 1 126 23 discriminator 1 view .LVU143
 545 0006 024A     		ldr	r2, .L25
 546 0008 9342     		cmp	r3, r2
 547 000a FBDD     		ble	.L24
 548              	.LBE2:
 129:Core/Scr/init.c ****     }
 130:Core/Scr/init.c **** }...
 549              		.loc 1 130 1 is_stmt 0 view .LVU144
 550 000c 7047     		bx	lr
 551              	.L26:
 552 000e 00BF     		.align	2
 553              	.L25:
 554 0010 20A10700 		.word	500000
 555              		.cfi_endproc
 556              	.LFE137:
 558              		.global	led3_port
 559              		.section	.bss.led3_port,"aw",%nobits
 562              	led3_port:
 563 0000 00       		.space	1
 564              		.global	led2_port
 565              		.section	.bss.led2_port,"aw",%nobits
 568              	led2_port:
 569 0000 00       		.space	1
 570              		.global	led1_port
 571              		.section	.bss.led1_port,"aw",%nobits
 574              	led1_port:
ARM GAS  C:\Users\obukh\AppData\Local\Temp\cc3Px4zb.s 			page 13


 575 0000 00       		.space	1
 576              		.text
 577              	.Letext0:
 578              		.file 2 "C:/Users/obukh/OneDrive/\320\240\320\260\320\261\320\276\321\207\320\270\320\271 \321\201
 579              		.file 3 "C:/Users/obukh/OneDrive/\320\240\320\260\320\261\320\276\321\207\320\270\320\271 \321\201
 580              		.file 4 "CMSIS/Devices/STM32F4xx/Inc/STM32F429xx/stm32f429xx.h"
ARM GAS  C:\Users\obukh\AppData\Local\Temp\cc3Px4zb.s 			page 14


DEFINED SYMBOLS
                            *ABS*:00000000 init.c
C:\Users\obukh\AppData\Local\Temp\cc3Px4zb.s:21     .text.Register_Init:00000000 $t
C:\Users\obukh\AppData\Local\Temp\cc3Px4zb.s:27     .text.Register_Init:00000000 Register_Init
C:\Users\obukh\AppData\Local\Temp\cc3Px4zb.s:44     .text.Register_Init:0000000c $d
C:\Users\obukh\AppData\Local\Temp\cc3Px4zb.s:49     .text.Led_Init:00000000 $t
C:\Users\obukh\AppData\Local\Temp\cc3Px4zb.s:55     .text.Led_Init:00000000 Led_Init
C:\Users\obukh\AppData\Local\Temp\cc3Px4zb.s:107    .text.Led_Init:00000050 $d
C:\Users\obukh\AppData\Local\Temp\cc3Px4zb.s:112    .text.All_Ports_Input:00000000 $t
C:\Users\obukh\AppData\Local\Temp\cc3Px4zb.s:118    .text.All_Ports_Input:00000000 All_Ports_Input
C:\Users\obukh\AppData\Local\Temp\cc3Px4zb.s:180    .text.All_Ports_Input:00000058 $d
C:\Users\obukh\AppData\Local\Temp\cc3Px4zb.s:574    .bss.led1_port:00000000 led1_port
C:\Users\obukh\AppData\Local\Temp\cc3Px4zb.s:568    .bss.led2_port:00000000 led2_port
C:\Users\obukh\AppData\Local\Temp\cc3Px4zb.s:562    .bss.led3_port:00000000 led3_port
C:\Users\obukh\AppData\Local\Temp\cc3Px4zb.s:190    .text.All_Ports_Output:00000000 $t
C:\Users\obukh\AppData\Local\Temp\cc3Px4zb.s:196    .text.All_Ports_Output:00000000 All_Ports_Output
C:\Users\obukh\AppData\Local\Temp\cc3Px4zb.s:277    .text.All_Ports_Output:0000007c $d
C:\Users\obukh\AppData\Local\Temp\cc3Px4zb.s:287    .text.First_Port_Output:00000000 $t
C:\Users\obukh\AppData\Local\Temp\cc3Px4zb.s:293    .text.First_Port_Output:00000000 First_Port_Output
C:\Users\obukh\AppData\Local\Temp\cc3Px4zb.s:352    .text.First_Port_Output:00000048 $d
C:\Users\obukh\AppData\Local\Temp\cc3Px4zb.s:362    .text.Second_Port_Output:00000000 $t
C:\Users\obukh\AppData\Local\Temp\cc3Px4zb.s:368    .text.Second_Port_Output:00000000 Second_Port_Output
C:\Users\obukh\AppData\Local\Temp\cc3Px4zb.s:428    .text.Second_Port_Output:00000050 $d
C:\Users\obukh\AppData\Local\Temp\cc3Px4zb.s:438    .text.Third_Port_Output:00000000 $t
C:\Users\obukh\AppData\Local\Temp\cc3Px4zb.s:444    .text.Third_Port_Output:00000000 Third_Port_Output
C:\Users\obukh\AppData\Local\Temp\cc3Px4zb.s:506    .text.Third_Port_Output:00000054 $d
C:\Users\obukh\AppData\Local\Temp\cc3Px4zb.s:515    .text.delay:00000000 $t
C:\Users\obukh\AppData\Local\Temp\cc3Px4zb.s:521    .text.delay:00000000 delay
C:\Users\obukh\AppData\Local\Temp\cc3Px4zb.s:554    .text.delay:00000010 $d
C:\Users\obukh\AppData\Local\Temp\cc3Px4zb.s:563    .bss.led3_port:00000000 $d
C:\Users\obukh\AppData\Local\Temp\cc3Px4zb.s:569    .bss.led2_port:00000000 $d
C:\Users\obukh\AppData\Local\Temp\cc3Px4zb.s:575    .bss.led1_port:00000000 $d

NO UNDEFINED SYMBOLS
